  A subdirectory or file C:\Users\Moiezz\Documents\GitHub\ComputerGraphics-Programming\GraphicsProgramming\build\Debug\Content already exists.
  C:\Users\Moiezz\Documents\GitHub\ComputerGraphics-Programming\GraphicsProgramming\build\..\content\Effects\BasicEffect.cso
  C:\Users\Moiezz\Documents\GitHub\ComputerGraphics-Programming\GraphicsProgramming\build\..\content\Effects\BasicEffect.fx
  C:\Users\Moiezz\Documents\GitHub\ComputerGraphics-Programming\GraphicsProgramming\build\..\content\Effects\DiffuseLighting.fx
  C:\Users\Moiezz\Documents\GitHub\ComputerGraphics-Programming\GraphicsProgramming\build\..\content\Effects\Road TextureMapping.fx
  C:\Users\Moiezz\Documents\GitHub\ComputerGraphics-Programming\GraphicsProgramming\build\..\content\Effects\TextureMapping.cso
  C:\Users\Moiezz\Documents\GitHub\ComputerGraphics-Programming\GraphicsProgramming\build\..\content\Effects\TextureMapping.fx
  C:\Users\Moiezz\Documents\GitHub\ComputerGraphics-Programming\GraphicsProgramming\build\..\content\Effects\include\Common.fxh
  C:\Users\Moiezz\Documents\GitHub\ComputerGraphics-Programming\GraphicsProgramming\build\..\content\Fonts\Arial_14_Regular.spritefont
  C:\Users\Moiezz\Documents\GitHub\ComputerGraphics-Programming\GraphicsProgramming\build\..\content\Models\bench.3ds
  C:\Users\Moiezz\Documents\GitHub\ComputerGraphics-Programming\GraphicsProgramming\build\..\content\Models\Car.mtl
  C:\Users\Moiezz\Documents\GitHub\ComputerGraphics-Programming\GraphicsProgramming\build\..\content\Models\Car.obj
  C:\Users\Moiezz\Documents\GitHub\ComputerGraphics-Programming\GraphicsProgramming\build\..\content\Models\DirectionalLightProxy.obj
  C:\Users\Moiezz\Documents\GitHub\ComputerGraphics-Programming\GraphicsProgramming\build\..\content\Models\filters_format(jpeg)_quality(75).jpg
  C:\Users\Moiezz\Documents\GitHub\ComputerGraphics-Programming\GraphicsProgramming\build\..\content\Models\house.3DS
  C:\Users\Moiezz\Documents\GitHub\ComputerGraphics-Programming\GraphicsProgramming\build\..\content\Models\Star.obj
  C:\Users\Moiezz\Documents\GitHub\ComputerGraphics-Programming\GraphicsProgramming\build\..\content\Textures\bench.jpg
  C:\Users\Moiezz\Documents\GitHub\ComputerGraphics-Programming\GraphicsProgramming\build\..\content\Textures\grass.jpg
  C:\Users\Moiezz\Documents\GitHub\ComputerGraphics-Programming\GraphicsProgramming\build\..\content\Textures\house.bmp
  C:\Users\Moiezz\Documents\GitHub\ComputerGraphics-Programming\GraphicsProgramming\build\..\content\Textures\Road.jpg
  C:\Users\Moiezz\Documents\GitHub\ComputerGraphics-Programming\GraphicsProgramming\build\..\content\Textures\RoadText .txt
  20 File(s) copied
  Projectile.cpp
  C:\Program Files (x86)\Windows Kits\10\Include\10.0.26100.0\um\dinput.h: DIRECTINPUT_VERSION undefined. Defaulting to version 0x0800
  Game.vcxproj -> C:\Users\Moiezz\Documents\GitHub\ComputerGraphics-Programming\GraphicsProgramming\build\Debug\Game.exe
  C:\Users\Moiezz\Documents\GitHub\ComputerGraphics-Programming\GraphicsProgramming\build\..\..\external\assimp\bin\assimp_release-dll_win32\assimp.dll
          1 file(s) copied.
