c:\users\edgos\dev\computergraphics-programming\graphicsprogramming\build\debug\libraryd.pdb
c:\users\edgos\dev\computergraphics-programming\graphicsprogramming\build\debug\libraryd.idb
c:\users\edgos\dev\computergraphics-programming\graphicsprogramming\source\library\debug\vectorhelper.obj
c:\users\edgos\dev\computergraphics-programming\graphicsprogramming\source\library\debug\utility.obj
c:\users\edgos\dev\computergraphics-programming\graphicsprogramming\source\library\debug\servicecontainer.obj
c:\users\edgos\dev\computergraphics-programming\graphicsprogramming\source\library\debug\renderstatehelper.obj
c:\users\edgos\dev\computergraphics-programming\graphicsprogramming\source\library\debug\mouse.obj
c:\users\edgos\dev\computergraphics-programming\graphicsprogramming\source\library\debug\matrixhelper.obj
c:\users\edgos\dev\computergraphics-programming\graphicsprogramming\source\library\debug\keyboard.obj
c:\users\edgos\dev\computergraphics-programming\graphicsprogramming\source\library\debug\gametime.obj
c:\users\edgos\dev\computergraphics-programming\graphicsprogramming\source\library\debug\gameexception.obj
c:\users\edgos\dev\computergraphics-programming\graphicsprogramming\source\library\debug\gamecomponent.obj
c:\users\edgos\dev\computergraphics-programming\graphicsprogramming\source\library\debug\gameclock.obj
c:\users\edgos\dev\computergraphics-programming\graphicsprogramming\source\library\debug\game.obj
c:\users\edgos\dev\computergraphics-programming\graphicsprogramming\source\library\debug\firstpersoncamera.obj
c:\users\edgos\dev\computergraphics-programming\graphicsprogramming\source\library\debug\drawablegamecomponent.obj
c:\users\edgos\dev\computergraphics-programming\graphicsprogramming\source\library\debug\camera.obj
c:\users\edgos\dev\computergraphics-programming\graphicsprogramming\build\debug\libraryd.lib
c:\users\edgos\dev\computergraphics-programming\graphicsprogramming\source\library\debug\library.tlog\cl.command.1.tlog
c:\users\edgos\dev\computergraphics-programming\graphicsprogramming\source\library\debug\library.tlog\cl.items.tlog
c:\users\edgos\dev\computergraphics-programming\graphicsprogramming\source\library\debug\library.tlog\cl.read.1.tlog
c:\users\edgos\dev\computergraphics-programming\graphicsprogramming\source\library\debug\library.tlog\cl.write.1.tlog
c:\users\edgos\dev\computergraphics-programming\graphicsprogramming\source\library\debug\library.tlog\lib-link.write.1.tlog
c:\users\edgos\dev\computergraphics-programming\graphicsprogramming\source\library\debug\library.tlog\lib.command.1.tlog
c:\users\edgos\dev\computergraphics-programming\graphicsprogramming\source\library\debug\library.tlog\lib.read.1.tlog
